Extraction successful | ATS Score: 100/100
Extraction successful | ATS Score: 100/100
